n = 10
0.00084
-0.999984
0.710165
n = 11
0.00298
-0.999984
-0.674934
n = 12
0.00675
-0.999984
-0.860491
n = 13
0.01403
-0.999984
0.105156
n = 14
0.03389
-0.999984
0.962186
n = 15
0.069821
-0.999984
-0.182476
n = 16
0.134252
-0.999984
0.567221
n = 17
0.257734
-0.999984
0.770151
n = 18
0.504808
-0.999984
0.937676
n = 19
1.05466
-0.999984
-0.429523
n = 20
1.51188
-0.999984
0.206108
n = 21
2.68133
-0.999984
0.850929
n = 22
4.87948
-0.999984
-0.190712
n = 23
9.254
-0.999984
0.239813
n = 24
17.9684
-0.999984
0.444161
n = 25
35.3106
-0.999984
-0.285956
n = 26
69.9603
-0.999984
0.0753676
n = 27
139.955
-0.999984
-0.160324
n = 28
280.671
-0.999984
-0.0606186
n = 29
556.089
-0.999984
0.696006
n = 30
1111.61
-0.999984
0.999984
